
export "PS1=$ "
export "PS1=$ "

$ echo "Собаки" > "Домашние животные"
$ echo "Кошки" >> "Домашние животные"
$ echo "Хомяки" >> "Домашние животные"
export "PS1=$ "
echo "Хомяки" >> "Домашние животные"

export "PS1=$ "

$ echo "Лошади" > "Вьючные животные"
$ echo "Верблюды" >> "Вьючные животные"
$ echo "Ослы" >> "Вьючные животные"
$ cat "Домашние животные" "Вьючные животные" > "Общие животные"

$ cat "Общие животные"
"Общие животные"

export "PS1=$ "
"Общие животные"

bash: ./Общие животные: Permission denied
export "PS1=$ "

$ mv "Общие животные" "Друзья человека"

 mv "Общие животные" "Друзья человека"

export "PS1=$ "

$ mkdir 01
export "PS1=$ "
mkdir 01

export "PS1=$ "

$ mv "Друзья человека" 01
export "PS1=$ "
mv "Друзья человека" 01

export "PS1=$ "
